// Jest Snapshot v1, https://goo.gl/fbAQLP

exports[`Contact component renders renders 1`] = `
<DocumentFragment>
  <section>
    <h1
      class="title"
    >
      <a
        data-testid="link"
        href="/"
      >
        <span
          aria-label="title"
          class="title
 "
        />
         Kevin Friday Portfolio
      </a>
    </h1>
    <nav>
      <ul
        class="flex-row"
      />
    </nav>
  </section>
</DocumentFragment>
`;
